
Build succeeded.
    2 Warning(s)
    0 Error(s)

Time Elapsed 00:00:02.14
