  Determining projects to restore...
  All projects are up-to-date for restore.
  AttendanceShiftingManagement -> C:\Users\ASUS\source\repos\AttendanceShiftingManagement\AttendanceShiftingManagement\bin\Debug\net9.0-windows\AttendanceShiftingManagement.dll
  AttendanceShiftingManagement.Tests -> C:\Users\ASUS\source\repos\AttendanceShiftingManagement\AttendanceShiftingManagement\AttendanceShiftingManagement.Tests\bin\Debug\net9.0-windows\AttendanceShiftingManagement.Tests.dll

Build succeeded.
    0 Warning(s)
    0 Error(s)

Time Elapsed 00:00:02.64
