  Determining projects to restore...
C:\Users\ASUS\source\repos\eKalinga-\AttendanceShiftingManagement.Tests\AttendanceShiftingManagement.Tests.csproj : warning NU1701: Package 'AForge 2.2.5' was restored using '.NETFramework,Version=v4.6.1, .NETFramework,Version=v4.6.2, .NETFramework,Version=v4.7, .NETFramework,Version=v4.7.1, .NETFramework,Version=v4.7.2, .NETFramework,Version=v4.8, .NETFramework,Version=v4.8.1' instead of the project target framework 'net9.0-windows7.0'. This package may not be fully compatible with your project. [C:\Users\ASUS\source\repos\eKalinga-\AttendanceShiftingManagement.Tests\AttendanceShiftingManagement.Tests.sln]
C:\Users\ASUS\source\repos\eKalinga-\AttendanceShiftingManagement.csproj : warning NU1701: Package 'AForge 2.2.5' was restored using '.NETFramework,Version=v4.6.1, .NETFramework,Version=v4.6.2, .NETFramework,Version=v4.7, .NETFramework,Version=v4.7.1, .NETFramework,Version=v4.7.2, .NETFramework,Version=v4.8, .NETFramework,Version=v4.8.1' instead of the project target framework 'net9.0-windows7.0'. This package may not be fully compatible with your project. [C:\Users\ASUS\source\repos\eKalinga-\AttendanceShiftingManagement.Tests\AttendanceShiftingManagement.Tests.sln]
C:\Users\ASUS\source\repos\eKalinga-\AttendanceShiftingManagement.csproj : warning NU1701: Package 'AForge.Video 2.2.5' was restored using '.NETFramework,Version=v4.6.1, .NETFramework,Version=v4.6.2, .NETFramework,Version=v4.7, .NETFramework,Version=v4.7.1, .NETFramework,Version=v4.7.2, .NETFramework,Version=v4.8, .NETFramework,Version=v4.8.1' instead of the project target framework 'net9.0-windows7.0'. This package may not be fully compatible with your project. [C:\Users\ASUS\source\repos\eKalinga-\AttendanceShiftingManagement.Tests\AttendanceShiftingManagement.Tests.sln]
C:\Users\ASUS\source\repos\eKalinga-\AttendanceShiftingManagement.csproj : warning NU1701: Package 'AForge.Video.DirectShow 2.2.5' was restored using '.NETFramework,Version=v4.6.1, .NETFramework,Version=v4.6.2, .NETFramework,Version=v4.7, .NETFramework,Version=v4.7.1, .NETFramework,Version=v4.7.2, .NETFramework,Version=v4.8, .NETFramework,Version=v4.8.1' instead of the project target framework 'net9.0-windows7.0'. This package may not be fully compatible with your project. [C:\Users\ASUS\source\repos\eKalinga-\AttendanceShiftingManagement.Tests\AttendanceShiftingManagement.Tests.sln]
C:\Users\ASUS\source\repos\eKalinga-\AttendanceShiftingManagement.Tests\AttendanceShiftingManagement.Tests.csproj : warning NU1701: Package 'AForge.Video 2.2.5' was restored using '.NETFramework,Version=v4.6.1, .NETFramework,Version=v4.6.2, .NETFramework,Version=v4.7, .NETFramework,Version=v4.7.1, .NETFramework,Version=v4.7.2, .NETFramework,Version=v4.8, .NETFramework,Version=v4.8.1' instead of the project target framework 'net9.0-windows7.0'. This package may not be fully compatible with your project. [C:\Users\ASUS\source\repos\eKalinga-\AttendanceShiftingManagement.Tests\AttendanceShiftingManagement.Tests.sln]
C:\Users\ASUS\source\repos\eKalinga-\AttendanceShiftingManagement.Tests\AttendanceShiftingManagement.Tests.csproj : warning NU1701: Package 'AForge.Video.DirectShow 2.2.5' was restored using '.NETFramework,Version=v4.6.1, .NETFramework,Version=v4.6.2, .NETFramework,Version=v4.7, .NETFramework,Version=v4.7.1, .NETFramework,Version=v4.7.2, .NETFramework,Version=v4.8, .NETFramework,Version=v4.8.1' instead of the project target framework 'net9.0-windows7.0'. This package may not be fully compatible with your project. [C:\Users\ASUS\source\repos\eKalinga-\AttendanceShiftingManagement.Tests\AttendanceShiftingManagement.Tests.sln]
  All projects are up-to-date for restore.
C:\Users\ASUS\source\repos\eKalinga-\AttendanceShiftingManagement.Tests\AttendanceShiftingManagement.Tests.csproj : warning NU1701: Package 'AForge 2.2.5' was restored using '.NETFramework,Version=v4.6.1, .NETFramework,Version=v4.6.2, .NETFramework,Version=v4.7, .NETFramework,Version=v4.7.1, .NETFramework,Version=v4.7.2, .NETFramework,Version=v4.8, .NETFramework,Version=v4.8.1' instead of the project target framework 'net9.0-windows7.0'. This package may not be fully compatible with your project.
C:\Users\ASUS\source\repos\eKalinga-\AttendanceShiftingManagement.Tests\AttendanceShiftingManagement.Tests.csproj : warning NU1701: Package 'AForge.Video 2.2.5' was restored using '.NETFramework,Version=v4.6.1, .NETFramework,Version=v4.6.2, .NETFramework,Version=v4.7, .NETFramework,Version=v4.7.1, .NETFramework,Version=v4.7.2, .NETFramework,Version=v4.8, .NETFramework,Version=v4.8.1' instead of the project target framework 'net9.0-windows7.0'. This package may not be fully compatible with your project.
C:\Users\ASUS\source\repos\eKalinga-\AttendanceShiftingManagement.Tests\AttendanceShiftingManagement.Tests.csproj : warning NU1701: Package 'AForge.Video.DirectShow 2.2.5' was restored using '.NETFramework,Version=v4.6.1, .NETFramework,Version=v4.6.2, .NETFramework,Version=v4.7, .NETFramework,Version=v4.7.1, .NETFramework,Version=v4.7.2, .NETFramework,Version=v4.8, .NETFramework,Version=v4.8.1' instead of the project target framework 'net9.0-windows7.0'. This package may not be fully compatible with your project.
C:\Users\ASUS\source\repos\eKalinga-\AttendanceShiftingManagement.csproj : warning NU1701: Package 'AForge 2.2.5' was restored using '.NETFramework,Version=v4.6.1, .NETFramework,Version=v4.6.2, .NETFramework,Version=v4.7, .NETFramework,Version=v4.7.1, .NETFramework,Version=v4.7.2, .NETFramework,Version=v4.8, .NETFramework,Version=v4.8.1' instead of the project target framework 'net9.0-windows7.0'. This package may not be fully compatible with your project.
C:\Users\ASUS\source\repos\eKalinga-\AttendanceShiftingManagement.csproj : warning NU1701: Package 'AForge.Video 2.2.5' was restored using '.NETFramework,Version=v4.6.1, .NETFramework,Version=v4.6.2, .NETFramework,Version=v4.7, .NETFramework,Version=v4.7.1, .NETFramework,Version=v4.7.2, .NETFramework,Version=v4.8, .NETFramework,Version=v4.8.1' instead of the project target framework 'net9.0-windows7.0'. This package may not be fully compatible with your project.
C:\Users\ASUS\source\repos\eKalinga-\AttendanceShiftingManagement.csproj : warning NU1701: Package 'AForge.Video.DirectShow 2.2.5' was restored using '.NETFramework,Version=v4.6.1, .NETFramework,Version=v4.6.2, .NETFramework,Version=v4.7, .NETFramework,Version=v4.7.1, .NETFramework,Version=v4.7.2, .NETFramework,Version=v4.8, .NETFramework,Version=v4.8.1' instead of the project target framework 'net9.0-windows7.0'. This package may not be fully compatible with your project.
  AttendanceShiftingManagement -> C:\Users\ASUS\source\repos\eKalinga-\bin\Debug\net9.0-windows\AttendanceShiftingManagement.dll
  AttendanceShiftingManagement.Tests -> C:\Users\ASUS\source\repos\eKalinga-\AttendanceShiftingManagement.Tests\bin\Debug\net9.0-windows\AttendanceShiftingManagement.Tests.dll
Test run for C:\Users\ASUS\source\repos\eKalinga-\AttendanceShiftingManagement.Tests\bin\Debug\net9.0-windows\AttendanceShiftingManagement.Tests.dll (.NETCoreApp,Version=v9.0)
VSTest version 17.14.1 (x64)

Starting test execution, please wait...
A total of 1 test files matched the specified pattern.
C:\Users\ASUS\source\repos\eKalinga-\AttendanceShiftingManagement.Tests\bin\Debug\net9.0-windows\AttendanceShiftingManagement.Tests.dll
[xUnit.net 00:00:00.00] xUnit.net VSTest Adapter v3.0.2+dd36e86129 (64-bit .NET 9.0.15)
[xUnit.net 00:00:00.09]   Discovering: AttendanceShiftingManagement.Tests
[xUnit.net 00:00:00.14]   Discovered:  AttendanceShiftingManagement.Tests
[xUnit.net 00:00:00.18]   Starting:    AttendanceShiftingManagement.Tests
[xUnit.net 00:00:00.25]     AttendanceShiftingManagement.Tests.MockActivityGenerator.GenerateMockActivity [SKIP]
[xUnit.net 00:00:00.25]       Disabled per GEMINI.md policy regarding demo data
  Skipped AttendanceShiftingManagement.Tests.MockActivityGenerator.GenerateMockActivity [1 ms]
  Error Message:
   Disabled per GEMINI.md policy regarding demo data

  Passed AttendanceShiftingManagement.Tests.RemoteWriteExecutionServiceSourceTests.RemoteWriteExecutionService_DoesNotAutoSyncBackToLocal [5 ms]
  Passed AttendanceShiftingManagement.Tests.ProjectDistributionLivePreviewWindowSourceTests.ProjectDistributionLivePreviewWindow_DefinesSecondScreenMonitorLayout [5 ms]
  Passed AttendanceShiftingManagement.Tests.CashForWorkBeneficiarySourceTests.CashForWorkService_AndViewModel_UseBeneficiaryStagingIdentity_InsteadOfHouseholdMembers [5 ms]
  Passed AttendanceShiftingManagement.Tests.BarangayDashboardSyncSourceTests.BarangayDashboardPage_ExposesManualSyncButtonBetweenSettingsAndLogout [5 ms]
  Passed AttendanceShiftingManagement.Tests.SettingsWindowCodeBehindTests.SettingsWindow_OpensAppDatabaseWindowWithoutPreUnlockGate [5 ms]
  Passed AttendanceShiftingManagement.Tests.RemoteWriteExecutionServiceSourceTests.RemoteWriteExecutionService_UsesExplicitReentryGuard [< 1 ms]
  Passed AttendanceShiftingManagement.Tests.CashForWorkBeneficiarySourceTests.CashForWorkViewModel_DoesNotAutoSelectFirstEvent_OnInitialLoad [< 1 ms]
  Passed AttendanceShiftingManagement.Tests.CashForWorkBeneficiarySourceTests.LocalScannerGatewayService_FindsAttendanceParticipants_ByBeneficiaryStagingIdentity [< 1 ms]
  Passed AttendanceShiftingManagement.Tests.RemoteWriteExecutionServiceSourceTests.ReleaseServices_RouteRemoteWritesThroughSharedHelper [< 1 ms]
  Passed AttendanceShiftingManagement.Tests.StartupMigrationCoordinatorTests.RequiresLegacyHistoryBaseline_ReturnsFalse_WhenInitialMigrationAlreadyApplied [< 1 ms]
[xUnit.net 00:00:00.29]       Assert.Contains() Failure: Sub-string not found
[xUnit.net 00:00:00.29]       String:    "<UserControl x:Class="AttendanceShiftingM"···
[xUnit.net 00:00:00.29]       Not found: "Text="Executive Reports""
[xUnit.net 00:00:00.29]       Stack Trace:
[xUnit.net 00:00:00.29]         C:\Users\ASUS\source\repos\eKalinga-\AttendanceShiftingManagement.Tests\ReportsPageBindingTests.cs(19,0): at AttendanceShiftingManagement.Tests.ReportsPageBindingTests.ReportsPage_BindsReportFiltersPreviewAndExportActions()
[xUnit.net 00:00:00.29]            at System.RuntimeMethodHandle.InvokeMethod(Object target, Void** arguments, Signature sig, Boolean isConstructor)
[xUnit.net 00:00:00.29]            at System.Reflection.MethodBaseInvoker.InvokeWithNoArgs(Object obj, BindingFlags invokeAttr)
  Passed AttendanceShiftingManagement.Tests.SystemProfileSettingsServiceTests.BuildLoginBranding_UsesConfiguredValuesAndFallbackDefaults [10 ms]
  Passed AttendanceShiftingManagement.Tests.StartupMigrationCoordinatorTests.RequiresLegacyHistoryBaseline_ReturnsFalse_WhenDatabaseIsFresh [< 1 ms]
  Passed AttendanceShiftingManagement.Tests.StartupMigrationCoordinatorTests.RequiresLegacyHistoryBaseline_ReturnsTrue_WhenExistingTablesMissInitialMigration [< 1 ms]
  Passed AttendanceShiftingManagement.Tests.WindowBrandingServiceTests.ResolveIconSource_FallsBackToDefaultIconWhenCustomLogoIsMissing [< 1 ms]
  Passed AttendanceShiftingManagement.Tests.WindowBrandingServiceTests.ResolveIconSource_UsesCustomLogoWhenItExists [2 ms]
  Passed AttendanceShiftingManagement.Tests.ConnectionSettingsWindowBindingTests.ConnectionSettingsWindow_ExposesLazySaveOtpBindings [< 1 ms]
  Passed AttendanceShiftingManagement.Tests.ConnectionSettingsWindowBindingTests.ConnectionSettingsWindow_UsesGeneralCredentialEditorBinding [< 1 ms]
  Failed AttendanceShiftingManagement.Tests.ReportsPageBindingTests.ReportsPage_BindsReportFiltersPreviewAndExportActions [3 ms]
  Error Message:
   Assert.Contains() Failure: Sub-string not found
String:    "<UserControl x:Class="AttendanceShiftingM"···
Not found: "Text="Executive Reports""
  Stack Trace:
     at AttendanceShiftingManagement.Tests.ReportsPageBindingTests.ReportsPage_BindsReportFiltersPreviewAndExportActions() in C:\Users\ASUS\source\repos\eKalinga-\AttendanceShiftingManagement.Tests\ReportsPageBindingTests.cs:line 19
   at System.RuntimeMethodHandle.InvokeMethod(Object target, Void** arguments, Signature sig, Boolean isConstructor)
   at System.Reflection.MethodBaseInvoker.InvokeWithNoArgs(Object obj, BindingFlags invokeAttr)
[xUnit.net 00:00:00.29]       Assert.Contains() Failure: Sub-string not found
[xUnit.net 00:00:00.29]       String:    "<UserControl x:Class="AttendanceShiftingM"···
[xUnit.net 00:00:00.29]       Not found: "Text="Aid Request""
[xUnit.net 00:00:00.29]       Stack Trace:
[xUnit.net 00:00:00.29]         C:\Users\ASUS\source\repos\eKalinga-\AttendanceShiftingManagement.Tests\BarangayDashboardBeneficiarySourceTests.cs(80,0): at AttendanceShiftingManagement.Tests.BarangayDashboardBeneficiarySourceTests.BarangayDashboardPage_UsesApprovedDashboardModulesAndShellCommands()
[xUnit.net 00:00:00.29]            at System.RuntimeMethodHandle.InvokeMethod(Object target, Void** arguments, Signature sig, Boolean isConstructor)
[xUnit.net 00:00:00.29]            at System.Reflection.MethodBaseInvoker.InvokeWithNoArgs(Object obj, BindingFlags invokeAttr)
[xUnit.net 00:00:00.29]       Assert.Contains() Failure: Sub-string not found
[xUnit.net 00:00:00.29]       String:    "<Window x:Class="AttendanceShiftingManage"···
[xUnit.net 00:00:00.29]       Not found: "Text="{Binding Subtitle}""
[xUnit.net 00:00:00.29]       Stack Trace:
[xUnit.net 00:00:00.29]         C:\Users\ASUS\source\repos\eKalinga-\AttendanceShiftingManagement.Tests\SessionAnnouncementWindowSourceTests.cs(23,0): at AttendanceShiftingManagement.Tests.SessionAnnouncementWindowSourceTests.SessionAnnouncementWindow_UsesPopupStructureAndParsesXaml()
[xUnit.net 00:00:00.29]            at System.RuntimeMethodHandle.InvokeMethod(Object target, Void** arguments, Signature sig, Boolean isConstructor)
[xUnit.net 00:00:00.29]            at System.Reflection.MethodBaseInvoker.InvokeWithNoArgs(Object obj, BindingFlags invokeAttr)
  Passed AttendanceShiftingManagement.Tests.BarangayDashboardBeneficiarySourceTests.BarangayDashboardService_UsesApprovedBeneficiaries_ForCashForWorkAvailability [< 1 ms]
  Failed AttendanceShiftingManagement.Tests.BarangayDashboardBeneficiarySourceTests.BarangayDashboardPage_UsesApprovedDashboardModulesAndShellCommands [1 ms]
  Error Message:
   Assert.Contains() Failure: Sub-string not found
String:    "<UserControl x:Class="AttendanceShiftingM"···
Not found: "Text="Aid Request""
  Stack Trace:
     at AttendanceShiftingManagement.Tests.BarangayDashboardBeneficiarySourceTests.BarangayDashboardPage_UsesApprovedDashboardModulesAndShellCommands() in C:\Users\ASUS\source\repos\eKalinga-\AttendanceShiftingManagement.Tests\BarangayDashboardBeneficiarySourceTests.cs:line 80
   at System.RuntimeMethodHandle.InvokeMethod(Object target, Void** arguments, Signature sig, Boolean isConstructor)
   at System.Reflection.MethodBaseInvoker.InvokeWithNoArgs(Object obj, BindingFlags invokeAttr)
  Failed AttendanceShiftingManagement.Tests.SessionAnnouncementWindowSourceTests.SessionAnnouncementWindow_UsesPopupStructureAndParsesXaml [1 ms]
  Error Message:
   Assert.Contains() Failure: Sub-string not found
String:    "<Window x:Class="AttendanceShiftingManage"···
Not found: "Text="{Binding Subtitle}""
  Stack Trace:
     at AttendanceShiftingManagement.Tests.SessionAnnouncementWindowSourceTests.SessionAnnouncementWindow_UsesPopupStructureAndParsesXaml() in C:\Users\ASUS\source\repos\eKalinga-\AttendanceShiftingManagement.Tests\SessionAnnouncementWindowSourceTests.cs:line 23
   at System.RuntimeMethodHandle.InvokeMethod(Object target, Void** arguments, Signature sig, Boolean isConstructor)
   at System.Reflection.MethodBaseInvoker.InvokeWithNoArgs(Object obj, BindingFlags invokeAttr)
  Passed AttendanceShiftingManagement.Tests.AppDbContextFactoryTests.ResolveConnectionString_UsesPresetOverrideWhenProvided [29 ms]
  Passed AttendanceShiftingManagement.Tests.AppDbContextFactoryTests.ResolveConnectionString_PrefersExplicitConnectionStringOverride [< 1 ms]
  Passed AttendanceShiftingManagement.Tests.AppUpdatePackageServiceTests.DownloadUpdateAsync_WhenHashMismatch_DoesNotPersistPendingUpdate [48 ms]
  Passed AttendanceShiftingManagement.Tests.UpdateCheckServiceTests.CheckForUpdatesAsync_WithDownloadableManifest_ReturnsInstallerMetadata [68 ms]
  Passed AttendanceShiftingManagement.Tests.UpdateCheckServiceTests.CheckForUpdatesAsync_WithoutManifestUrl_ReturnsNotConfigured [3 ms]
  Passed AttendanceShiftingManagement.Tests.CashForWorkOcrViewModelTests.ReleaseSummaryPresentation_WhenAttendanceIsComplete_ShowsReadyForPayout [67 ms]
  Passed AttendanceShiftingManagement.Tests.UpdateCheckServiceTests.CheckForUpdatesAsync_WithInvalidVersion_ReturnsFailed [4 ms]
  Passed AttendanceShiftingManagement.Tests.SystemProfileSettingsServiceTests.Load_WhenFileDoesNotExist_ReturnsDefaultsAndGeneratedInstallSerial [69 ms]
  Passed AttendanceShiftingManagement.Tests.LoginViewModelSourceTests.LoginViewModel_KeepsCompanySerialAsDisplayOnly [< 1 ms]
  Passed AttendanceShiftingManagement.Tests.LoginViewModelSourceTests.LoginViewModel_DoesNotAutoSyncRemoteReviewData_OnStartup [< 1 ms]
  Passed AttendanceShiftingManagement.Tests.OtpEmailSettingsServiceTests.SaveAndLoad_RoundTripsOtpEmailSettings_WithProtectedPassword [85 ms]
  Passed AttendanceShiftingManagement.Tests.OtpEmailSettingsServiceTests.IsConfigured_RequiresSenderAndCredentials [< 1 ms]
  Passed AttendanceShiftingManagement.Tests.ConnectionSettingsViewModelTests.SelectionOnlyMode_OnlyLanRemainsEditableBeforeSignIn [43 ms]
  Passed AttendanceShiftingManagement.Tests.SystemProfileSettingsServiceTests.CopyLogoToBrandingFolder_CopiesFileAndReplacesPreviousLogo [10 ms]
  Passed AttendanceShiftingManagement.Tests.ConnectionSettingsViewModelTests.SelectionOnlyMode_RaisesShowCredentialEditorChange_WhenLanIsSelected [7 ms]
  Passed AttendanceShiftingManagement.Tests.ConnectionSettingsViewModelTests.AdminMode_WhenOtpIsRequired_SaveWithChanges_OpensOtpPanelBeforeSaving [4 ms]
  Passed AttendanceShiftingManagement.Tests.ConnectionSettingsViewModelTests.AdminMode_WhenOtpIsRequired_SaveWithoutChanges_DoesNotOpenOtpPanel [1 ms]
[xUnit.net 00:00:00.31]       Assert.Contains() Failure: Sub-string not found
[xUnit.net 00:00:00.31]       String:    "<Window x:Class="AttendanceShiftingManage"···
[xUnit.net 00:00:00.31]       Not found: "ClipToBounds="True""
[xUnit.net 00:00:00.31]       Stack Trace:
[xUnit.net 00:00:00.31]         C:\Users\ASUS\source\repos\eKalinga-\AttendanceShiftingManagement.Tests\MainWindowBindingTests.cs(27,0): at AttendanceShiftingManagement.Tests.MainWindowBindingTests.MainWindow_UsesMinimalContentHostLayout()
[xUnit.net 00:00:00.31]            at System.RuntimeMethodHandle.InvokeMethod(Object target, Void** arguments, Signature sig, Boolean isConstructor)
[xUnit.net 00:00:00.31]            at System.Reflection.MethodBaseInvoker.InvokeWithNoArgs(Object obj, BindingFlags invokeAttr)
  Passed AttendanceShiftingManagement.Tests.ConnectionSettingsViewModelTests.AdminMode_LanAndRemotePresetsAreEditable [2 ms]
  Passed AttendanceShiftingManagement.Tests.SystemProfileSettingsServiceTests.SaveAndLoad_RoundTripsSystemProfileSettings [14 ms]
  Failed AttendanceShiftingManagement.Tests.MainWindowBindingTests.MainWindow_UsesMinimalContentHostLayout [1 ms]
  Error Message:
   Assert.Contains() Failure: Sub-string not found
String:    "<Window x:Class="AttendanceShiftingManage"···
Not found: "ClipToBounds="True""
  Stack Trace:
     at AttendanceShiftingManagement.Tests.MainWindowBindingTests.MainWindow_UsesMinimalContentHostLayout() in C:\Users\ASUS\source\repos\eKalinga-\AttendanceShiftingManagement.Tests\MainWindowBindingTests.cs:line 27
   at System.RuntimeMethodHandle.InvokeMethod(Object target, Void** arguments, Signature sig, Boolean isConstructor)
   at System.Reflection.MethodBaseInvoker.InvokeWithNoArgs(Object obj, BindingFlags invokeAttr)
  Passed AttendanceShiftingManagement.Tests.ConnectionSettingsViewModelTests.AdminMode_AllPresetsStillAllowTesting [2 ms]
  Passed AttendanceShiftingManagement.Tests.AppUpdatePackageServiceTests.DownloadUpdateAsync_SavesVerifiedInstallerAndPendingState [64 ms]
  Passed AttendanceShiftingManagement.Tests.AppUpdatePackageServiceTests.PerformStartupMaintenance_WhenAppliedVersionIsInstalled_ClearsPendingFiles [19 ms]
  Passed AttendanceShiftingManagement.Tests.QrCodeToolkitServiceTests.QrCodeToolkitService_RoundTripsGeneratedQrPayload [174 ms]
[xUnit.net 00:00:00.44]       Xunit.Sdk.ContainsException: Assert.Contains() Failure: Sub-string not found
[xUnit.net 00:00:00.44]       String:    "%PDF-1.4\n1 0 obj\n<< /Type /Catalog /Pages"···
[xUnit.net 00:00:00.44]       Not found: "/AppLogo"
[xUnit.net 00:00:00.44]          at Xunit.Assert.Contains(String expectedSubstring, String actualString, StringComparison comparisonType) in /_/src/xunit.assert/Asserts/StringAsserts.cs:line 66
[xUnit.net 00:00:00.44]          at AttendanceShiftingManagement.Tests.ReportDocumentServiceTests.<>c__DisplayClass0_0.<ReportPdfExportService_SavesSnapshotAsPdfFile>b__0() in C:\Users\ASUS\source\repos\eKalinga-\AttendanceShiftingManagement.Tests\ReportDocumentServiceTests.cs:line 55
[xUnit.net 00:00:00.44]       Stack Trace:
[xUnit.net 00:00:00.44]         C:\Users\ASUS\source\repos\eKalinga-\AttendanceShiftingManagement.Tests\ReportDocumentServiceTests.cs(76,0): at AttendanceShiftingManagement.Tests.ReportDocumentServiceTests.ReportPdfExportService_SavesSnapshotAsPdfFile()
[xUnit.net 00:00:00.44]            at System.RuntimeMethodHandle.InvokeMethod(Object target, Void** arguments, Signature sig, Boolean isConstructor)
[xUnit.net 00:00:00.44]            at System.Reflection.MethodBaseInvoker.InvokeWithNoArgs(Object obj, BindingFlags invokeAttr)
[xUnit.net 00:00:00.51]       Assert.Contains() Failure: Sub-string not found
[xUnit.net 00:00:00.51]       String:    "<UserControl x:Class="AttendanceShiftingM"···
[xUnit.net 00:00:00.51]       Not found: "Text="Masterlist Management""
[xUnit.net 00:00:00.52]       Stack Trace:
[xUnit.net 00:00:00.52]         C:\Users\ASUS\source\repos\eKalinga-\AttendanceShiftingManagement.Tests\MasterListPageBindingTests.cs(19,0): at AttendanceShiftingManagement.Tests.MasterListPageBindingTests.MasterListPage_UsesValidatedBeneficiariesLabelsAndPaginationBindings()
[xUnit.net 00:00:00.52]            at System.RuntimeMethodHandle.InvokeMethod(Object target, Void** arguments, Signature sig, Boolean isConstructor)
[xUnit.net 00:00:00.52]            at System.Reflection.MethodBaseInvoker.InvokeWithNoArgs(Object obj, BindingFlags invokeAttr)
  Failed AttendanceShiftingManagement.Tests.ReportDocumentServiceTests.ReportPdfExportService_SavesSnapshotAsPdfFile [232 ms]
  Error Message:
   Xunit.Sdk.ContainsException: Assert.Contains() Failure: Sub-string not found
String:    "%PDF-1.4\n1 0 obj\n<< /Type /Catalog /Pages"···
Not found: "/AppLogo"
   at Xunit.Assert.Contains(String expectedSubstring, String actualString, StringComparison comparisonType) in /_/src/xunit.assert/Asserts/StringAsserts.cs:line 66
   at AttendanceShiftingManagement.Tests.ReportDocumentServiceTests.<>c__DisplayClass0_0.<ReportPdfExportService_SavesSnapshotAsPdfFile>b__0() in C:\Users\ASUS\source\repos\eKalinga-\AttendanceShiftingManagement.Tests\ReportDocumentServiceTests.cs:line 55
  Stack Trace:
     at AttendanceShiftingManagement.Tests.ReportDocumentServiceTests.ReportPdfExportService_SavesSnapshotAsPdfFile() in C:\Users\ASUS\source\repos\eKalinga-\AttendanceShiftingManagement.Tests\ReportDocumentServiceTests.cs:line 76
   at System.RuntimeMethodHandle.InvokeMethod(Object target, Void** arguments, Signature sig, Boolean isConstructor)
   at System.Reflection.MethodBaseInvoker.InvokeWithNoArgs(Object obj, BindingFlags invokeAttr)
  Passed AttendanceShiftingManagement.Tests.StartupMigrationTests.AppAssembly_MigrationSnapshot_ContainsBudgetSchema [292 ms]
  Passed AttendanceShiftingManagement.Tests.StartupMigrationTests.AppAssembly_DefinesEfCoreMigrations_ForStartupMigrationMode [1 ms]
  Passed AttendanceShiftingManagement.Tests.MasterListPageBindingTests.NavigationLabels_UseValidatedBeneficiariesTerminology [< 1 ms]
  Failed AttendanceShiftingManagement.Tests.MasterListPageBindingTests.MasterListPage_UsesValidatedBeneficiariesLabelsAndPaginationBindings [< 1 ms]
  Error Message:
   Assert.Contains() Failure: Sub-string not found
String:    "<UserControl x:Class="AttendanceShiftingM"···
Not found: "Text="Masterlist Management""
  Stack Trace:
     at AttendanceShiftingManagement.Tests.MasterListPageBindingTests.MasterListPage_UsesValidatedBeneficiariesLabelsAndPaginationBindings() in C:\Users\ASUS\source\repos\eKalinga-\AttendanceShiftingManagement.Tests\MasterListPageBindingTests.cs:line 19
   at System.RuntimeMethodHandle.InvokeMethod(Object target, Void** arguments, Signature sig, Boolean isConstructor)
   at System.Reflection.MethodBaseInvoker.InvokeWithNoArgs(Object obj, BindingFlags invokeAttr)
  Passed AttendanceShiftingManagement.Tests.QrCodeToolkitServiceTests.QrCodeToolkitService_DecodesSmallQrFromPhotoLikeImage [160 ms]
  Passed AttendanceShiftingManagement.Tests.BudgetRuntimeOptionsTests.SaveAndLoad_WithRuntimeFile_EncryptsPasswordAtRest [23 ms]
[xUnit.net 00:00:00.60]       Assert.Contains() Failure: Sub-string not found
[xUnit.net 00:00:00.60]       String:    "<UserControl x:Class="AttendanceShiftingM"···
[xUnit.net 00:00:00.60]       Not found: "Text="Manual Project Distribution""
[xUnit.net 00:00:00.60]       Stack Trace:
[xUnit.net 00:00:00.60]         C:\Users\ASUS\source\repos\eKalinga-\AttendanceShiftingManagement.Tests\ProjectDistributionPageBindingTests.cs(19,0): at AttendanceShiftingManagement.Tests.ProjectDistributionPageBindingTests.ProjectDistributionPage_BindsPaginatedThreeColumnManualDistributionLayout()
[xUnit.net 00:00:00.60]            at System.RuntimeMethodHandle.InvokeMethod(Object target, Void** arguments, Signature sig, Boolean isConstructor)
[xUnit.net 00:00:00.60]            at System.Reflection.MethodBaseInvoker.InvokeWithNoArgs(Object obj, BindingFlags invokeAttr)
[xUnit.net 00:00:00.61]       Assert.Contains() Failure: Sub-string not found
[xUnit.net 00:00:00.61]       String:    "<UserControl x:Class="AttendanceShiftingM"···
[xUnit.net 00:00:00.61]       Not found: "Content="Dashboard""
[xUnit.net 00:00:00.61]       Stack Trace:
[xUnit.net 00:00:00.61]         C:\Users\ASUS\source\repos\eKalinga-\AttendanceShiftingManagement.Tests\BudgetPageBindingTests.cs(29,0): at AttendanceShiftingManagement.Tests.BudgetPageBindingTests.BudgetPage_UsesSidebarPanelWorkflowBindings()
[xUnit.net 00:00:00.61]            at System.RuntimeMethodHandle.InvokeMethod(Object target, Void** arguments, Signature sig, Boolean isConstructor)
[xUnit.net 00:00:00.61]            at System.Reflection.MethodBaseInvoker.InvokeWithNoArgs(Object obj, BindingFlags invokeAttr)
  Passed AttendanceShiftingManagement.Tests.AppPreferencesServiceTests.SaveAndLoad_RoundTripsUpdatePreferences [16 ms]
  Passed AttendanceShiftingManagement.Tests.MasterListViewModelTests.GoToNextPendingPageAsync_RequestsNextPageUsingCurrentFilters [11 ms]
  Passed AttendanceShiftingManagement.Tests.LocalScannerGatewayNetworkTests.ResolveLanAddress_PrefersGatewayBackedNonVirtualIpv4Address [288 ms]
  Passed AttendanceShiftingManagement.Tests.MasterListViewModelTests.ProcessScanCommand_PopulatesSearchTextAndClearsScannerInput [< 1 ms]
  Failed AttendanceShiftingManagement.Tests.ProjectDistributionPageBindingTests.ProjectDistributionPage_BindsPaginatedThreeColumnManualDistributionLayout [< 1 ms]
  Error Message:
   Assert.Contains() Failure: Sub-string not found
String:    "<UserControl x:Class="AttendanceShiftingM"···
Not found: "Text="Manual Project Distribution""
  Stack Trace:
     at AttendanceShiftingManagement.Tests.ProjectDistributionPageBindingTests.ProjectDistributionPage_BindsPaginatedThreeColumnManualDistributionLayout() in C:\Users\ASUS\source\repos\eKalinga-\AttendanceShiftingManagement.Tests\ProjectDistributionPageBindingTests.cs:line 19
   at System.RuntimeMethodHandle.InvokeMethod(Object target, Void** arguments, Signature sig, Boolean isConstructor)
   at System.Reflection.MethodBaseInvoker.InvokeWithNoArgs(Object obj, BindingFlags invokeAttr)
  Passed AttendanceShiftingManagement.Tests.MasterListViewModelTests.RefreshAsync_LoadsFirstPageAndUpdatesPaginationState [2 ms]
  Passed AttendanceShiftingManagement.Tests.BudgetPageBindingTests.DashboardPage_ContainsBudgetModuleTile [< 1 ms]
  Failed AttendanceShiftingManagement.Tests.BudgetPageBindingTests.BudgetPage_UsesSidebarPanelWorkflowBindings [< 1 ms]
  Error Message:
   Assert.Contains() Failure: Sub-string not found
String:    "<UserControl x:Class="AttendanceShiftingM"···
Not found: "Content="Dashboard""
  Stack Trace:
     at AttendanceShiftingManagement.Tests.BudgetPageBindingTests.BudgetPage_UsesSidebarPanelWorkflowBindings() in C:\Users\ASUS\source\repos\eKalinga-\AttendanceShiftingManagement.Tests\BudgetPageBindingTests.cs:line 29
   at System.RuntimeMethodHandle.InvokeMethod(Object target, Void** arguments, Signature sig, Boolean isConstructor)
   at System.Reflection.MethodBaseInvoker.InvokeWithNoArgs(Object obj, BindingFlags invokeAttr)
  Passed AttendanceShiftingManagement.Tests.CashForWorkOcrViewModelTests.OpenScanAttendancePanel_OpensScannerWorkflowPanel [338 ms]
  Passed AttendanceShiftingManagement.Tests.CashForWorkOcrViewModelTests.AttendanceScannerSessionGuard_WhenEventIsInFuture_ReturnsBlockReason [< 1 ms]
  Passed AttendanceShiftingManagement.Tests.CashForWorkOcrViewModelTests.ReleaseSummaryPresentation_WhenSomeParticipantsArePending_ShowsPartialPayoutReady [< 1 ms]
  Passed AttendanceShiftingManagement.Tests.CashForWorkOcrViewModelTests.AttendanceScannerSessionGuard_WhenEventIsReleased_ReturnsBlockReason [< 1 ms]
  Passed AttendanceShiftingManagement.Tests.CashForWorkOcrViewModelTests.OpenCreateEventPanel_WhenCashForWorkEventIsSelected_ResetsEditorForNewEvent [8 ms]
  Passed AttendanceShiftingManagement.Tests.CashForWorkOcrViewModelTests.OpenEditEventPanel_WhenEventIsSelected_LoadsExistingValuesForUpdate [4 ms]
  Passed AttendanceShiftingManagement.Tests.SettingsWindowBindingTests.SettingsWindow_UsesPasswordUnlockOverlay_AndLazyOtpSaveBindings [1 ms]
  Passed AttendanceShiftingManagement.Tests.SettingsWindowBindingTests.SettingsWindow_AppDatabaseTabExposesMigrationButton [1 ms]
  Passed AttendanceShiftingManagement.Tests.SettingsWindowBindingTests.SettingsWindow_SystemProfileExposesAppearanceModeSelection [1 ms]
  Passed AttendanceShiftingManagement.Tests.SettingsWindowBindingTests.SettingsWindow_TabHeadersRenderHeaderContent_InCustomTabItemTemplate [9 ms]
  Passed AttendanceShiftingManagement.Tests.SettingsWindowBindingTests.SettingsWindow_UsesOneWayBindings_ForReadOnlyUpdateDisplayFields [1 ms]
  Passed AttendanceShiftingManagement.Tests.ProjectDistributionViewModelSourceTests.ProjectDistributionViewModel_UsesFreshContexts_AndSupportsPaginatedManualDistribution [1 ms]
  Passed AttendanceShiftingManagement.Tests.BeneficiaryImportDeduplicationTests.Evaluate_WhenIdentityIsNew_DoesNotSkip [3 ms]
  Passed AttendanceShiftingManagement.Tests.BeneficiaryImportDeduplicationTests.Evaluate_WhenNameAndBirthDateFingerprintAlreadyExists_ReturnsSkip [1 ms]
  Passed AttendanceShiftingManagement.Tests.BeneficiaryImportDeduplicationTests.Evaluate_WhenCivilRegistryIdAlreadyExists_ReturnsSkip [< 1 ms]
  Passed AttendanceShiftingManagement.Tests.ReportDocumentServiceTests.BuildDocument_UsesCompactHeaderWithCountAndGeneratedLine [448 ms]
  Passed AttendanceShiftingManagement.Tests.DigitalIdPrintPreviewSourceTests.DigitalIdPrintService_UsesPreviewWindowBeforePrinting [< 1 ms]
  Passed AttendanceShiftingManagement.Tests.DigitalIdPrintPreviewSourceTests.DigitalIdPrintPreviewWindow_RendersPreviewAndPrintActions [< 1 ms]
  Passed AttendanceShiftingManagement.Tests.LocalScannerGatewayDistributionSourceTests.LocalScannerGatewayService_ContainsDistributionClaimEndpoint_AndProjectAwareScannerUi [< 1 ms]
  Passed AttendanceShiftingManagement.Tests.LocalScannerGatewayDistributionSourceTests.LocalScannerGatewayService_WiresCameraPhotoButton_ToLaunchPicker_AndAutoUploadSelection [< 1 ms]
  Passed AttendanceShiftingManagement.Tests.LocalScannerGatewayDistributionSourceTests.LocalScannerGatewayService_IncludesLiveCameraScannerSupport_AndHelpfulUploadFallback [< 1 ms]
  Passed AttendanceShiftingManagement.Tests.MainWindowBindingTests.MainWindow_XamlParsesWithoutStyleErrors [664 ms]
  Passed AttendanceShiftingManagement.Tests.AppDatabaseMigrationServiceTests.TryValidatePresetForMigration_AllowsConfiguredPreset [< 1 ms]
  Passed AttendanceShiftingManagement.Tests.AppDatabaseMigrationServiceTests.TryValidatePresetForMigration_FailsWhenServerIsMissing [< 1 ms]
  Passed AttendanceShiftingManagement.Tests.RemotePhaseOneSyncServiceSourceTests.RemotePhaseOneSyncService_TracksPhaseOneTables_AndSupportingReferences [< 1 ms]
[xUnit.net 00:00:01.17]       System.Windows.Markup.XamlParseException: 'Cannot create unknown type '{clr-namespace:AttendanceShiftingManagement.Views}DesktopScannerOverlay'.' Line number '627' and line position '14'.
[xUnit.net 00:00:01.17]        ---> System.Xaml.XamlObjectWriterException: 'Cannot create unknown type '{clr-namespace:AttendanceShiftingManagement.Views}DesktopScannerOverlay'.' Line number '627' and line position '14'.
[xUnit.net 00:00:01.17]          at System.Xaml.XamlObjectWriter.WriteStartObject(XamlType xamlType)
[xUnit.net 00:00:01.17]          at System.Windows.Markup.WpfXamlLoader.WriteStartObject(XamlReader xamlReader, XamlObjectWriter xamlWriter, XamlContextStack`1 stack)
[xUnit.net 00:00:01.17]          at System.Windows.Markup.WpfXamlLoader.TransformNodes(XamlReader xamlReader, XamlObjectWriter xamlWriter, Boolean onlyLoadOneNode, Boolean skipJournaledProperties, Boolean shouldPassLineNumberInfo, IXamlLineInfo xamlLineInfo, IXamlLineInfoConsumer xamlLineInfoConsumer, XamlContextStack`1 stack, IStyleConnector styleConnector)
[xUnit.net 00:00:01.17]          at System.Windows.Markup.WpfXamlLoader.Load(XamlReader xamlReader, IXamlObjectWriterFactory writerFactory, Boolean skipJournaledProperties, Object rootObject, XamlObjectWriterSettings settings, Uri baseUri)
[xUnit.net 00:00:01.17]          --- End of inner exception stack trace ---
[xUnit.net 00:00:01.17]          at System.Windows.Markup.XamlReader.RewrapException(Exception e, IXamlLineInfo lineInfo, Uri baseUri)
[xUnit.net 00:00:01.17]          at System.Windows.Markup.WpfXamlLoader.Load(XamlReader xamlReader, IXamlObjectWriterFactory writerFactory, Boolean skipJournaledProperties, Object rootObject, XamlObjectWriterSettings settings, Uri baseUri)
[xUnit.net 00:00:01.17]          at System.Windows.Markup.WpfXamlLoader.Load(XamlReader xamlReader, Boolean skipJournaledProperties, Uri baseUri)
[xUnit.net 00:00:01.17]          at System.Windows.Markup.XamlReader.Load(XamlReader xamlReader, ParserContext parserContext)
[xUnit.net 00:00:01.17]          at System.Windows.Markup.XamlReader.Load(XmlReader reader, ParserContext parserContext, XamlParseMode parseMode, Boolean useRestrictiveXamlReader, List`1 safeTypes)
[xUnit.net 00:00:01.17]          at System.Windows.Markup.XamlReader.Load(XmlReader reader, Boolean useRestrictiveXamlReader)
[xUnit.net 00:00:01.17]          at AttendanceShiftingManagement.Tests.AssistanceCaseManagementPageBindingTests.<>c__DisplayClass1_0.<AssistanceCaseManagementPage_XamlParsesWithoutStyleErrors>b__0() in C:\Users\ASUS\source\repos\eKalinga-\AttendanceShiftingManagement.Tests\AssistanceCaseManagementPageBindingTests.cs:line 83
[xUnit.net 00:00:01.17]       Stack Trace:
[xUnit.net 00:00:01.17]         C:\Users\ASUS\source\repos\eKalinga-\AttendanceShiftingManagement.Tests\AssistanceCaseManagementPageBindingTests.cs(95,0): at AttendanceShiftingManagement.Tests.AssistanceCaseManagementPageBindingTests.AssistanceCaseManagementPage_XamlParsesWithoutStyleErrors()
[xUnit.net 00:00:01.17]            at System.RuntimeMethodHandle.InvokeMethod(Object target, Void** arguments, Signature sig, Boolean isConstructor)
[xUnit.net 00:00:01.17]            at System.Reflection.MethodBaseInvoker.InvokeWithNoArgs(Object obj, BindingFlags invokeAttr)
[xUnit.net 00:00:01.17]       Assert.Contains() Failure: Sub-string not found
[xUnit.net 00:00:01.17]       String:    "<UserControl x:Class="AttendanceShiftingM"···
[xUnit.net 00:00:01.17]       Not found: "Text="Aid Request""
[xUnit.net 00:00:01.17]       Stack Trace:
[xUnit.net 00:00:01.17]         C:\Users\ASUS\source\repos\eKalinga-\AttendanceShiftingManagement.Tests\AssistanceCaseManagementPageBindingTests.cs(23,0): at AttendanceShiftingManagement.Tests.AssistanceCaseManagementPageBindingTests.AssistanceCaseManagementPage_BindsAidRequestDashboardControls()
[xUnit.net 00:00:01.17]            at System.RuntimeMethodHandle.InvokeMethod(Object target, Void** arguments, Signature sig, Boolean isConstructor)
[xUnit.net 00:00:01.17]            at System.Reflection.MethodBaseInvoker.InvokeWithNoArgs(Object obj, BindingFlags invokeAttr)
[xUnit.net 00:00:01.25]       System.Windows.Markup.XamlParseException: 'Cannot create unknown type '{clr-namespace:AttendanceShiftingManagement.Views}DesktopScannerOverlay'.' Line number '782' and line position '14'.
[xUnit.net 00:00:01.25]        ---> System.Xaml.XamlObjectWriterException: 'Cannot create unknown type '{clr-namespace:AttendanceShiftingManagement.Views}DesktopScannerOverlay'.' Line number '782' and line position '14'.
[xUnit.net 00:00:01.25]          at System.Xaml.XamlObjectWriter.WriteStartObject(XamlType xamlType)
[xUnit.net 00:00:01.25]          at System.Windows.Markup.WpfXamlLoader.WriteStartObject(XamlReader xamlReader, XamlObjectWriter xamlWriter, XamlContextStack`1 stack)
[xUnit.net 00:00:01.25]          at System.Windows.Markup.WpfXamlLoader.TransformNodes(XamlReader xamlReader, XamlObjectWriter xamlWriter, Boolean onlyLoadOneNode, Boolean skipJournaledProperties, Boolean shouldPassLineNumberInfo, IXamlLineInfo xamlLineInfo, IXamlLineInfoConsumer xamlLineInfoConsumer, XamlContextStack`1 stack, IStyleConnector styleConnector)
[xUnit.net 00:00:01.25]          at System.Windows.Markup.WpfXamlLoader.Load(XamlReader xamlReader, IXamlObjectWriterFactory writerFactory, Boolean skipJournaledProperties, Object rootObject, XamlObjectWriterSettings settings, Uri baseUri)
[xUnit.net 00:00:01.25]          --- End of inner exception stack trace ---
[xUnit.net 00:00:01.25]          at System.Windows.Markup.XamlReader.RewrapException(Exception e, IXamlLineInfo lineInfo, Uri baseUri)
[xUnit.net 00:00:01.25]          at System.Windows.Markup.WpfXamlLoader.Load(XamlReader xamlReader, IXamlObjectWriterFactory writerFactory, Boolean skipJournaledProperties, Object rootObject, XamlObjectWriterSettings settings, Uri baseUri)
[xUnit.net 00:00:01.25]          at System.Windows.Markup.WpfXamlLoader.Load(XamlReader xamlReader, Boolean skipJournaledProperties, Uri baseUri)
[xUnit.net 00:00:01.25]          at System.Windows.Markup.XamlReader.Load(XamlReader xamlReader, ParserContext parserContext)
[xUnit.net 00:00:01.25]          at System.Windows.Markup.XamlReader.Load(XmlReader reader, ParserContext parserContext, XamlParseMode parseMode, Boolean useRestrictiveXamlReader, List`1 safeTypes)
[xUnit.net 00:00:01.25]          at System.Windows.Markup.XamlReader.Load(XmlReader reader, Boolean useRestrictiveXamlReader)
[xUnit.net 00:00:01.25]          at AttendanceShiftingManagement.Tests.CashForWorkPageBindingTests.<>c__DisplayClass1_0.<CashForWorkPage_XamlParsesWithoutStyleErrors>b__0() in C:\Users\ASUS\source\repos\eKalinga-\AttendanceShiftingManagement.Tests\CashForWorkPageBindingTests.cs:line 86
[xUnit.net 00:00:01.25]       Stack Trace:
[xUnit.net 00:00:01.25]         C:\Users\ASUS\source\repos\eKalinga-\AttendanceShiftingManagement.Tests\CashForWorkPageBindingTests.cs(98,0): at AttendanceShiftingManagement.Tests.CashForWorkPageBindingTests.CashForWorkPage_XamlParsesWithoutStyleErrors()
[xUnit.net 00:00:01.25]            at System.RuntimeMethodHandle.InvokeMethod(Object target, Void** arguments, Signature sig, Boolean isConstructor)
[xUnit.net 00:00:01.25]            at System.Reflection.MethodBaseInvoker.InvokeWithNoArgs(Object obj, BindingFlags invokeAttr)
  Passed AttendanceShiftingManagement.Tests.BarangayDashboardBeneficiarySourceTests.BarangayDashboardPage_XamlParsesWithoutStyleErrors [780 ms]
  Passed AttendanceShiftingManagement.Tests.BarangayDashboardBeneficiarySourceTests.BarangayDashboardService_AndViewModel_DoNotExposeHouseholdRegistryMetrics [18 ms]
  Passed AttendanceShiftingManagement.Tests.ConnectionSettingsServiceTests.SaveAndLoad_WithRuntimeFile_PersistsLanAndRemoteOverrides [22 ms]
  Passed AttendanceShiftingManagement.Tests.ConnectionSettingsServiceTests.Load_WithRuntimeOverrides_LoadsRemoteAndLanPresetsAndKeepsLocalFromDefaults [18 ms]
  Failed AttendanceShiftingManagement.Tests.AssistanceCaseManagementPageBindingTests.AssistanceCaseManagementPage_XamlParsesWithoutStyleErrors [657 ms]
  Error Message:
   System.Windows.Markup.XamlParseException: 'Cannot create unknown type '{clr-namespace:AttendanceShiftingManagement.Views}DesktopScannerOverlay'.' Line number '627' and line position '14'.
 ---> System.Xaml.XamlObjectWriterException: 'Cannot create unknown type '{clr-namespace:AttendanceShiftingManagement.Views}DesktopScannerOverlay'.' Line number '627' and line position '14'.
   at System.Xaml.XamlObjectWriter.WriteStartObject(XamlType xamlType)
   at System.Windows.Markup.WpfXamlLoader.WriteStartObject(XamlReader xamlReader, XamlObjectWriter xamlWriter, XamlContextStack`1 stack)
   at System.Windows.Markup.WpfXamlLoader.TransformNodes(XamlReader xamlReader, XamlObjectWriter xamlWriter, Boolean onlyLoadOneNode, Boolean skipJournaledProperties, Boolean shouldPassLineNumberInfo, IXamlLineInfo xamlLineInfo, IXamlLineInfoConsumer xamlLineInfoConsumer, XamlContextStack`1 stack, IStyleConnector styleConnector)
   at System.Windows.Markup.WpfXamlLoader.Load(XamlReader xamlReader, IXamlObjectWriterFactory writerFactory, Boolean skipJournaledProperties, Object rootObject, XamlObjectWriterSettings settings, Uri baseUri)
   --- End of inner exception stack trace ---
   at System.Windows.Markup.XamlReader.RewrapException(Exception e, IXamlLineInfo lineInfo, Uri baseUri)
   at System.Windows.Markup.WpfXamlLoader.Load(XamlReader xamlReader, IXamlObjectWriterFactory writerFactory, Boolean skipJournaledProperties, Object rootObject, XamlObjectWriterSettings settings, Uri baseUri)
   at System.Windows.Markup.WpfXamlLoader.Load(XamlReader xamlReader, Boolean skipJournaledProperties, Uri baseUri)
   at System.Windows.Markup.XamlReader.Load(XamlReader xamlReader, ParserContext parserContext)
   at System.Windows.Markup.XamlReader.Load(XmlReader reader, ParserContext parserContext, XamlParseMode parseMode, Boolean useRestrictiveXamlReader, List`1 safeTypes)
   at System.Windows.Markup.XamlReader.Load(XmlReader reader, Boolean useRestrictiveXamlReader)
   at AttendanceShiftingManagement.Tests.AssistanceCaseManagementPageBindingTests.<>c__DisplayClass1_0.<AssistanceCaseManagementPage_XamlParsesWithoutStyleErrors>b__0() in C:\Users\ASUS\source\repos\eKalinga-\AttendanceShiftingManagement.Tests\AssistanceCaseManagementPageBindingTests.cs:line 83
  Stack Trace:
     at AttendanceShiftingManagement.Tests.AssistanceCaseManagementPageBindingTests.AssistanceCaseManagementPage_XamlParsesWithoutStyleErrors() in C:\Users\ASUS\source\repos\eKalinga-\AttendanceShiftingManagement.Tests\AssistanceCaseManagementPageBindingTests.cs:line 95
   at System.RuntimeMethodHandle.InvokeMethod(Object target, Void** arguments, Signature sig, Boolean isConstructor)
   at System.Reflection.MethodBaseInvoker.InvokeWithNoArgs(Object obj, BindingFlags invokeAttr)
  Failed AttendanceShiftingManagement.Tests.AssistanceCaseManagementPageBindingTests.AssistanceCaseManagementPage_BindsAidRequestDashboardControls [< 1 ms]
  Error Message:
   Assert.Contains() Failure: Sub-string not found
String:    "<UserControl x:Class="AttendanceShiftingM"···
Not found: "Text="Aid Request""
  Stack Trace:
     at AttendanceShiftingManagement.Tests.AssistanceCaseManagementPageBindingTests.AssistanceCaseManagementPage_BindsAidRequestDashboardControls() in C:\Users\ASUS\source\repos\eKalinga-\AttendanceShiftingManagement.Tests\AssistanceCaseManagementPageBindingTests.cs:line 23
   at System.RuntimeMethodHandle.InvokeMethod(Object target, Void** arguments, Signature sig, Boolean isConstructor)
   at System.Reflection.MethodBaseInvoker.InvokeWithNoArgs(Object obj, BindingFlags invokeAttr)
  Failed AttendanceShiftingManagement.Tests.CashForWorkPageBindingTests.CashForWorkPage_XamlParsesWithoutStyleErrors [271 ms]
  Error Message:
   System.Windows.Markup.XamlParseException: 'Cannot create unknown type '{clr-namespace:AttendanceShiftingManagement.Views}DesktopScannerOverlay'.' Line number '782' and line position '14'.
 ---> System.Xaml.XamlObjectWriterException: 'Cannot create unknown type '{clr-namespace:AttendanceShiftingManagement.Views}DesktopScannerOverlay'.' Line number '782' and line position '14'.
   at System.Xaml.XamlObjectWriter.WriteStartObject(XamlType xamlType)
   at System.Windows.Markup.WpfXamlLoader.WriteStartObject(XamlReader xamlReader, XamlObjectWriter xamlWriter, XamlContextStack`1 stack)
   at System.Windows.Markup.WpfXamlLoader.TransformNodes(XamlReader xamlReader, XamlObjectWriter xamlWriter, Boolean onlyLoadOneNode, Boolean skipJournaledProperties, Boolean shouldPassLineNumberInfo, IXamlLineInfo xamlLineInfo, IXamlLineInfoConsumer xamlLineInfoConsumer, XamlContextStack`1 stack, IStyleConnector styleConnector)
   at System.Windows.Markup.WpfXamlLoader.Load(XamlReader xamlReader, IXamlObjectWriterFactory writerFactory, Boolean skipJournaledProperties, Object rootObject, XamlObjectWriterSettings settings, Uri baseUri)
   --- End of inner exception stack trace ---
   at System.Windows.Markup.XamlReader.RewrapException(Exception e, IXamlLineInfo lineInfo, Uri baseUri)
   at System.Windows.Markup.WpfXamlLoader.Load(XamlReader xamlReader, IXamlObjectWriterFactory writerFactory, Boolean skipJournaledProperties, Object rootObject, XamlObjectWriterSettings settings, Uri baseUri)
   at System.Windows.Markup.WpfXamlLoader.Load(XamlReader xamlReader, Boolean skipJournaledProperties, Uri baseUri)
   at System.Windows.Markup.XamlReader.Load(XamlReader xamlReader, ParserContext parserContext)
   at System.Windows.Markup.XamlReader.Load(XmlReader reader, ParserContext parserContext, XamlParseMode parseMode, Boolean useRestrictiveXamlReader, List`1 safeTypes)
   at System.Windows.Markup.XamlReader.Load(XmlReader reader, Boolean useRestrictiveXamlReader)
   at AttendanceShiftingManagement.Tests.CashForWorkPageBindingTests.<>c__DisplayClass1_0.<CashForWorkPage_XamlParsesWithoutStyleErrors>b__0() in C:\Users\ASUS\source\repos\eKalinga-\AttendanceShiftingManagement.Tests\CashForWorkPageBindingTests.cs:line 86
  Stack Trace:
     at AttendanceShiftingManagement.Tests.CashForWorkPageBindingTests.CashForWorkPage_XamlParsesWithoutStyleErrors() in C:\Users\ASUS\source\repos\eKalinga-\AttendanceShiftingManagement.Tests\CashForWorkPageBindingTests.cs:line 98
   at System.RuntimeMethodHandle.InvokeMethod(Object target, Void** arguments, Signature sig, Boolean isConstructor)
   at System.Reflection.MethodBaseInvoker.InvokeWithNoArgs(Object obj, BindingFlags invokeAttr)
[xUnit.net 00:00:01.25]       Assert.Contains() Failure: Sub-string not found
[xUnit.net 00:00:01.25]       String:    "<UserControl x:Class="AttendanceShiftingM"···
[xUnit.net 00:00:01.25]       Not found: "Command="{Binding DataContext.ShowDashboa"···
[xUnit.net 00:00:01.25]       Stack Trace:
[xUnit.net 00:00:01.25]         C:\Users\ASUS\source\repos\eKalinga-\AttendanceShiftingManagement.Tests\CashForWorkPageBindingTests.cs(16,0): at AttendanceShiftingManagement.Tests.CashForWorkPageBindingTests.CashForWorkPage_UsesLeftRailAndWorkflowPanelBindings()
[xUnit.net 00:00:01.25]            at System.RuntimeMethodHandle.InvokeMethod(Object target, Void** arguments, Signature sig, Boolean isConstructor)
[xUnit.net 00:00:01.25]            at System.Reflection.MethodBaseInvoker.InvokeWithNoArgs(Object obj, BindingFlags invokeAttr)
  Failed AttendanceShiftingManagement.Tests.CashForWorkPageBindingTests.CashForWorkPage_UsesLeftRailAndWorkflowPanelBindings [1 ms]
  Error Message:
   Assert.Contains() Failure: Sub-string not found
String:    "<UserControl x:Class="AttendanceShiftingM"···
Not found: "Command="{Binding DataContext.ShowDashboa"···
  Stack Trace:
     at AttendanceShiftingManagement.Tests.CashForWorkPageBindingTests.CashForWorkPage_UsesLeftRailAndWorkflowPanelBindings() in C:\Users\ASUS\source\repos\eKalinga-\AttendanceShiftingManagement.Tests\CashForWorkPageBindingTests.cs:line 16
   at System.RuntimeMethodHandle.InvokeMethod(Object target, Void** arguments, Signature sig, Boolean isConstructor)
   at System.Reflection.MethodBaseInvoker.InvokeWithNoArgs(Object obj, BindingFlags invokeAttr)
  Passed AttendanceShiftingManagement.Tests.InitialAdminSetupServiceTests.GetState_WhenNoAdminExists_RequiresSetup [858 ms]
  Passed AttendanceShiftingManagement.Tests.CompanySerialGateServiceTests.ValidateOrBind_WhenEnforcementIsDisabled_AllowsMismatchedSerial [818 ms]
  Passed AttendanceShiftingManagement.Tests.CompanySerialGateServiceTests.ValidateOrBind_WhenCompanySerialDoesNotMatchExistingRegistration_ReturnsFailure [29 ms]
  Passed AttendanceShiftingManagement.Tests.CompanySerialGateServiceTests.ValidateOrBind_WhenDatabaseIsUnregistered_BindsCurrentCompanySerial [2 ms]
  Passed AttendanceShiftingManagement.Tests.CompanySerialGateServiceTests.ValidateOrBind_WhenCompanySerialMatchesExistingRegistration_Succeeds [4 ms]
  Passed AttendanceShiftingManagement.Tests.BeneficiaryApprovalFlowSourceTests.AssistanceCaseManagementViewModel_DoesNotLoadOrPersistHouseholdSelections [1 ms]
[xUnit.net 00:00:01.52]       System.IO.FileNotFoundException : Could not find file 'C:\Users\ASUS\source\repos\eKalinga-\ViewModels\BeneficiaryVerificationViewModel.cs'.
[xUnit.net 00:00:01.52]       Stack Trace:
[xUnit.net 00:00:01.52]            at Microsoft.Win32.SafeHandles.SafeFileHandle.CreateFile(String fullPath, FileMode mode, FileAccess access, FileShare share, FileOptions options)
[xUnit.net 00:00:01.52]            at Microsoft.Win32.SafeHandles.SafeFileHandle.Open(String fullPath, FileMode mode, FileAccess access, FileShare share, FileOptions options, Int64 preallocationSize, Nullable`1 unixCreateMode)
[xUnit.net 00:00:01.52]            at System.IO.Strategies.OSFileStreamStrategy..ctor(String path, FileMode mode, FileAccess access, FileShare share, FileOptions options, Int64 preallocationSize, Nullable`1 unixCreateMode)
[xUnit.net 00:00:01.52]            at System.IO.Strategies.FileStreamHelpers.ChooseStrategyCore(String path, FileMode mode, FileAccess access, FileShare share, FileOptions options, Int64 preallocationSize, Nullable`1 unixCreateMode)
[xUnit.net 00:00:01.52]            at System.IO.StreamReader.ValidateArgsAndOpenPath(String path, Encoding encoding, Int32 bufferSize)
[xUnit.net 00:00:01.52]            at System.IO.File.ReadAllText(String path, Encoding encoding)
[xUnit.net 00:00:01.52]         C:\Users\ASUS\source\repos\eKalinga-\AttendanceShiftingManagement.Tests\BeneficiaryApprovalFlowSourceTests.cs(67,0): at AttendanceShiftingManagement.Tests.BeneficiaryApprovalFlowSourceTests.BeneficiaryApprovalFlow_PassesEditableCorrectionsIntoApproveAction()
[xUnit.net 00:00:01.52]            at System.RuntimeMethodHandle.InvokeMethod(Object target, Void** arguments, Signature sig, Boolean isConstructor)
[xUnit.net 00:00:01.52]            at System.Reflection.MethodBaseInvoker.InvokeWithNoArgs(Object obj, BindingFlags invokeAttr)
[xUnit.net 00:00:01.52]       System.IO.FileNotFoundException : Could not find file 'C:\Users\ASUS\source\repos\eKalinga-\ViewModels\BeneficiaryVerificationViewModel.cs'.
[xUnit.net 00:00:01.52]       Stack Trace:
[xUnit.net 00:00:01.52]            at Microsoft.Win32.SafeHandles.SafeFileHandle.CreateFile(String fullPath, FileMode mode, FileAccess access, FileShare share, FileOptions options)
[xUnit.net 00:00:01.52]            at Microsoft.Win32.SafeHandles.SafeFileHandle.Open(String fullPath, FileMode mode, FileAccess access, FileShare share, FileOptions options, Int64 preallocationSize, Nullable`1 unixCreateMode)
[xUnit.net 00:00:01.52]            at System.IO.Strategies.OSFileStreamStrategy..ctor(String path, FileMode mode, FileAccess access, FileShare share, FileOptions options, Int64 preallocationSize, Nullable`1 unixCreateMode)
[xUnit.net 00:00:01.52]            at System.IO.Strategies.FileStreamHelpers.ChooseStrategyCore(String path, FileMode mode, FileAccess access, FileShare share, FileOptions options, Int64 preallocationSize, Nullable`1 unixCreateMode)
[xUnit.net 00:00:01.52]            at System.IO.StreamReader.ValidateArgsAndOpenPath(String path, Encoding encoding, Int32 bufferSize)
[xUnit.net 00:00:01.52]            at System.IO.File.ReadAllText(String path, Encoding encoding)
[xUnit.net 00:00:01.52]         C:\Users\ASUS\source\repos\eKalinga-\AttendanceShiftingManagement.Tests\BeneficiaryApprovalFlowSourceTests.cs(17,0): at AttendanceShiftingManagement.Tests.BeneficiaryApprovalFlowSourceTests.BeneficiaryVerificationViewModel_UsesPagedLoadingAndRefreshOnlySnapshotSync()
[xUnit.net 00:00:01.52]            at System.RuntimeMethodHandle.InvokeMethod(Object target, Void** arguments, Signature sig, Boolean isConstructor)
[xUnit.net 00:00:01.52]            at System.Reflection.MethodBaseInvoker.InvokeWithNoArgs(Object obj, BindingFlags invokeAttr)
  Passed AttendanceShiftingManagement.Tests.BeneficiaryApprovalFlowSourceTests.AssistanceCaseManagementViewModel_LoadsApprovedBeneficiariesFromLocalApprovalState [< 1 ms]
  Failed AttendanceShiftingManagement.Tests.BeneficiaryApprovalFlowSourceTests.BeneficiaryApprovalFlow_PassesEditableCorrectionsIntoApproveAction [1 ms]
  Error Message:
   System.IO.FileNotFoundException : Could not find file 'C:\Users\ASUS\source\repos\eKalinga-\ViewModels\BeneficiaryVerificationViewModel.cs'.
  Stack Trace:
     at Microsoft.Win32.SafeHandles.SafeFileHandle.CreateFile(String fullPath, FileMode mode, FileAccess access, FileShare share, FileOptions options)
   at Microsoft.Win32.SafeHandles.SafeFileHandle.Open(String fullPath, FileMode mode, FileAccess access, FileShare share, FileOptions options, Int64 preallocationSize, Nullable`1 unixCreateMode)
   at System.IO.Strategies.OSFileStreamStrategy..ctor(String path, FileMode mode, FileAccess access, FileShare share, FileOptions options, Int64 preallocationSize, Nullable`1 unixCreateMode)
   at System.IO.Strategies.FileStreamHelpers.ChooseStrategyCore(String path, FileMode mode, FileAccess access, FileShare share, FileOptions options, Int64 preallocationSize, Nullable`1 unixCreateMode)
   at System.IO.StreamReader.ValidateArgsAndOpenPath(String path, Encoding encoding, Int32 bufferSize)
   at System.IO.File.ReadAllText(String path, Encoding encoding)
   at AttendanceShiftingManagement.Tests.BeneficiaryApprovalFlowSourceTests.BeneficiaryApprovalFlow_PassesEditableCorrectionsIntoApproveAction() in C:\Users\ASUS\source\repos\eKalinga-\AttendanceShiftingManagement.Tests\BeneficiaryApprovalFlowSourceTests.cs:line 67
   at System.RuntimeMethodHandle.InvokeMethod(Object target, Void** arguments, Signature sig, Boolean isConstructor)
   at System.Reflection.MethodBaseInvoker.InvokeWithNoArgs(Object obj, BindingFlags invokeAttr)
  Failed AttendanceShiftingManagement.Tests.BeneficiaryApprovalFlowSourceTests.BeneficiaryVerificationViewModel_UsesPagedLoadingAndRefreshOnlySnapshotSync [< 1 ms]
  Error Message:
   System.IO.FileNotFoundException : Could not find file 'C:\Users\ASUS\source\repos\eKalinga-\ViewModels\BeneficiaryVerificationViewModel.cs'.
  Stack Trace:
     at Microsoft.Win32.SafeHandles.SafeFileHandle.CreateFile(String fullPath, FileMode mode, FileAccess access, FileShare share, FileOptions options)
   at Microsoft.Win32.SafeHandles.SafeFileHandle.Open(String fullPath, FileMode mode, FileAccess access, FileShare share, FileOptions options, Int64 preallocationSize, Nullable`1 unixCreateMode)
   at System.IO.Strategies.OSFileStreamStrategy..ctor(String path, FileMode mode, FileAccess access, FileShare share, FileOptions options, Int64 preallocationSize, Nullable`1 unixCreateMode)
   at System.IO.Strategies.FileStreamHelpers.ChooseStrategyCore(String path, FileMode mode, FileAccess access, FileShare share, FileOptions options, Int64 preallocationSize, Nullable`1 unixCreateMode)
   at System.IO.StreamReader.ValidateArgsAndOpenPath(String path, Encoding encoding, Int32 bufferSize)
   at System.IO.File.ReadAllText(String path, Encoding encoding)
   at AttendanceShiftingManagement.Tests.BeneficiaryApprovalFlowSourceTests.BeneficiaryVerificationViewModel_UsesPagedLoadingAndRefreshOnlySnapshotSync() in C:\Users\ASUS\source\repos\eKalinga-\AttendanceShiftingManagement.Tests\BeneficiaryApprovalFlowSourceTests.cs:line 17
   at System.RuntimeMethodHandle.InvokeMethod(Object target, Void** arguments, Signature sig, Boolean isConstructor)
   at System.Reflection.MethodBaseInvoker.InvokeWithNoArgs(Object obj, BindingFlags invokeAttr)
  Passed AttendanceShiftingManagement.Tests.GgmsConsolidatedTransactionServiceSourceTests.GgmsConsolidatedTransactionService_WritesProjectNameColumn_AndUsesAmsCodesWithFixedFeatureNames [< 1 ms]
  Passed AttendanceShiftingManagement.Tests.BackupFeatureTests.BuildRestorePlan_ForIncrementalTarget_ReturnsFullPlusIncrementalChain [15 ms]
  Passed AttendanceShiftingManagement.Tests.BackupFeatureTests.BackupManifest_ExposesChainMetadataProperties [< 1 ms]
  Passed AttendanceShiftingManagement.Tests.BackupFeatureTests.ResolveTargetTableName_ReturnsNullWhenTableIsMissing [< 1 ms]
  Passed AttendanceShiftingManagement.Tests.BackupFeatureTests.ResolveTargetTableName_PreservesActualTargetCase [< 1 ms]
  Passed AttendanceShiftingManagement.Tests.BackupFeatureTests.BuildDeltaSnapshot_WithPrimaryKeys_KeepsOnlyNewAndChangedRows [11 ms]
  Passed AttendanceShiftingManagement.Tests.BackupFeatureTests.BuildPresetStatus_PicksLatestBackupPerTypeForSelectedPreset [16 ms]
  Passed AttendanceShiftingManagement.Tests.BackupFeatureTests.BuildDeltaSnapshot_WithoutPrimaryKeys_FallsBackToReplaceTable [2 ms]
  Passed AttendanceShiftingManagement.Tests.BarangayMainViewModelSourceTests.BarangayMainViewModel_ExposesDistributionWorkspaceInSidebarRouting [< 1 ms]
  Passed AttendanceShiftingManagement.Tests.BarangayMainViewModelSourceTests.BarangayMainViewModel_ExposesReportsWorkspaceRouting [< 1 ms]
  Passed AttendanceShiftingManagement.Tests.BarangayMainViewModelSourceTests.BarangayMainViewModel_RoutesValidatedBeneficiariesToApprovalWorkspace_WithoutReviewOrGrievanceSections [< 1 ms]
  Passed AttendanceShiftingManagement.Tests.BeneficiaryVerificationServiceTests.MarkInactiveAsync_SetsInactiveStatus_AndAuditTrail [1 s]
  Passed AttendanceShiftingManagement.Tests.SessionAnnouncementServiceTests.BuildSnapshotAsync_ReturnsMeaningfulActivityFromPreviousSessionWindow_IncludingSameUser_AndExcludesAuthNoise [359 ms]
  Passed AttendanceShiftingManagement.Tests.BeneficiaryAssistanceLedgerServiceTests.GetWarningSummaryAsync_UsesBeneficiaryIdFallback_WhenCivilRegistryIdIsMissing [1 s]
  Passed AttendanceShiftingManagement.Tests.SessionAnnouncementServiceTests.BuildSnapshotAsync_WhenNoCheckpointExists_ReturnsEmptySnapshot [3 ms]
  Passed AttendanceShiftingManagement.Tests.OtpChallengeServiceTests.VerifyCode_ReturnsSuccess_ForMatchingOtp [3 ms]
  Passed AttendanceShiftingManagement.Tests.OtpChallengeServiceTests.VerifyCode_RequiresNewCode_WhenExpired [< 1 ms]
  Passed AttendanceShiftingManagement.Tests.OtpChallengeServiceTests.VerifyCode_LocksSession_AfterThreeFailedAttempts [< 1 ms]
  Passed AttendanceShiftingManagement.Tests.OtpChallengeServiceTests.IssueCode_CreatesSixDigitCode_WithExpiryAndCooldown [< 1 ms]
  Passed AttendanceShiftingManagement.Tests.ScannerSessionServiceTests.CreateDistributionSessionAsync_GeneratesSixDigitPin_AndBindsTheSelectedProgram [1 s]
  Passed AttendanceShiftingManagement.Tests.BeneficiaryDigitalIdServiceTests.LookupByQrPayloadAsync_ReturnsApprovedBeneficiaryAndAllReleaseHistory_WithoutHouseholdLink [833 ms]
  Passed AttendanceShiftingManagement.Tests.AssistanceCaseManagementServiceTests.ChangeStatusAsync_ApprovesCase_AndWritesAuditLog [1 s]
  Passed AttendanceShiftingManagement.Tests.AssistanceCaseBudgetIntegrationTests.ChangeStatusAsync_ReleasingCaseWithoutEnoughCombinedBudget_ReturnsFailure [1 s]
  Passed AttendanceShiftingManagement.Tests.ProjectDistributionServiceTests.RecordClaimAsync_WhenCombinedBudgetIsInsufficient_ReturnsFailureWithoutClaimOrLedger [1 s]
  Passed AttendanceShiftingManagement.Tests.GgmsConsolidatedTransactionReleaseTests.ProjectDistributionClaim_WritesGgmsConsolidatedTransaction [1 s]
  Passed AttendanceShiftingManagement.Tests.BudgetManagementServiceTests.RecordPrivateDonationAsync_CreatesDonationAndPrivateLedgerEntry [854 ms]
  Passed AttendanceShiftingManagement.Tests.CashForWorkBudgetIntegrationTests.ReleaseEventAsync_ConsumesBudgetAndStoresLedgerReference [1 s]
  Passed AttendanceShiftingManagement.Tests.BeneficiaryAssistanceLedgerServiceTests.RecordManualEntryAsync_WithoutRemarks_ReturnsFailure [669 ms]
  Passed AttendanceShiftingManagement.Tests.ScannerSessionServiceTests.ValidatePinAsync_ReturnsFalse_WhenSessionHasExpired [651 ms]
  Passed AttendanceShiftingManagement.Tests.CashForWorkServiceTests.DeleteAttendance_RemovesSelectedAttendance_AndWritesAuditLog [734 ms]
  Passed AttendanceShiftingManagement.Tests.BeneficiaryVerificationServiceTests.SaveCorrectionsAsync_AllowsApprovedBeneficiary_AndSyncsDependentRecords [777 ms]
  Passed AttendanceShiftingManagement.Tests.AssistanceCaseBudgetIntegrationTests.ChangeStatusAsync_ReleasingApprovedCase_ConsumesBudgetAndStoresLedgerReference [714 ms]
  Passed AttendanceShiftingManagement.Tests.AssistanceCaseManagementServiceTests.UpdateAsync_RewritesLegacyHouseholdCaseToValidatedBeneficiary_AndWritesAuditLog [718 ms]
  Passed AttendanceShiftingManagement.Tests.ProjectDistributionServiceTests.EvaluateQualificationAsync_RecognizesIncludedBeneficiaryByBeneficiaryId_WhenDigitalIdUsesDifferentStagingRow [686 ms]
  Passed AttendanceShiftingManagement.Tests.GgmsConsolidatedTransactionReleaseTests.CashForWorkRelease_WritesGgmsConsolidatedTransactions_ForEachReleasedParticipant [676 ms]
  Passed AttendanceShiftingManagement.Tests.UserAccountSettingsServiceTests.ChangePassword_WhenCurrentPasswordIsInvalid_ReturnsFailure [1 s]
  Passed AttendanceShiftingManagement.Tests.BudgetManagementServiceTests.RecordReleaseAsync_EvaluatesStrictSourceDonationId_WhenProgramHasSourceDonationId [729 ms]
  Passed AttendanceShiftingManagement.Tests.CashForWorkBudgetIntegrationTests.ReleaseEventAsync_WhenCombinedBudgetIsInsufficient_ReturnsFailureWithoutLedgerEntry [669 ms]
  Passed AttendanceShiftingManagement.Tests.InitialAdminSetupServiceTests.CreateInitialAdmin_WhenDatabaseHasNoAdmin_CreatesAdminProfileAndAuditLog [1 s]
  Passed AttendanceShiftingManagement.Tests.ScannerSessionServiceTests.CreateAttendanceSessionAsync_GeneratesSixDigitPin_AndBindsTheSelectedEvent [638 ms]
  Passed AttendanceShiftingManagement.Tests.BeneficiaryAssistanceLedgerServiceTests.RecordManualEntryAsync_AddsLedgerEntry_AndWarningSummaryReflectsThreshold [652 ms]
  Passed AttendanceShiftingManagement.Tests.CashForWorkServiceTests.WriteOperations_AddAuditLogEntries [632 ms]
  Passed AttendanceShiftingManagement.Tests.BeneficiaryVerificationServiceTests.VerifyAsync_SetsVerifiedStatus_AndAuditTrail [570 ms]
  Passed AttendanceShiftingManagement.Tests.AssistanceCaseManagementServiceTests.DeleteAsync_WhenBudgetAlreadyLinked_ReturnsFailure [465 ms]
  Passed AttendanceShiftingManagement.Tests.ProjectDistributionServiceTests.EvaluateQualificationAsync_ReturnsQualifiedForIncludedBeneficiary_AndRejectedForNonMember [452 ms]
  Passed AttendanceShiftingManagement.Tests.GgmsConsolidatedTransactionReleaseTests.AidRequestRelease_WarnsButDoesNotBlock_WhenGgmsSyncFails [424 ms]
  Passed AttendanceShiftingManagement.Tests.BudgetManagementServiceTests.CreateProgramAsync_PersistsDistributionFields_AndAllowsMissingDatesWithWarning [372 ms]
  Passed AttendanceShiftingManagement.Tests.InitialAdminSetupServiceTests.CreateInitialAdmin_WhenAdminAlreadyExists_ReturnsFailure [237 ms]
  Passed AttendanceShiftingManagement.Tests.CashForWorkServiceTests.AddParticipant_RejectsReleasedEvents [197 ms]
  Passed AttendanceShiftingManagement.Tests.BeneficiaryVerificationServiceTests.ApproveAsync_WhenCorrectionsAreProvided_AppliesEditedFieldsBeforeApproval [204 ms]
  Passed AttendanceShiftingManagement.Tests.UserAccountSettingsServiceTests.VerifyCurrentPassword_WhenPasswordMatches_ReturnsSuccess [601 ms]
  Passed AttendanceShiftingManagement.Tests.AssistanceCaseManagementServiceTests.CreateAsync_RejectsLegacyHouseholdOnlySelection [223 ms]
  Passed AttendanceShiftingManagement.Tests.ProjectDistributionServiceTests.AddBeneficiaryAsync_AddsApprovedBeneficiaryToProject_AndBlocksDuplicateMembership [207 ms]
  Passed AttendanceShiftingManagement.Tests.BudgetManagementServiceTests.RecordReleaseAsync_WhenCombinedBudgetIsInsufficient_ReturnsFailureWithoutReleaseLedger [201 ms]
  Passed AttendanceShiftingManagement.Tests.CashForWorkServiceTests.AddParticipant_ForSeminar_RejectsManualAssignment [198 ms]
  Passed AttendanceShiftingManagement.Tests.BeneficiaryVerificationServiceTests.MarkDuplicateAsync_SetsDuplicateStatus_AndRequiresReason [200 ms]
  Passed AttendanceShiftingManagement.Tests.UserAccountSettingsServiceTests.SaveAccount_WhenValid_UpdatesUserProfileAndWritesAudit [199 ms]
  Passed AttendanceShiftingManagement.Tests.AssistanceCaseManagementServiceTests.CreateAsync_WhenSeminarProgramIsAssigned_ReturnsFailure [198 ms]
  Passed AttendanceShiftingManagement.Tests.ProjectDistributionServiceTests.RecordClaimAsync_CreatesOneClaimPerProject_AndBlocksDuplicateClaim [210 ms]
  Passed AttendanceShiftingManagement.Tests.BudgetManagementServiceTests.RecordReleaseAsync_UsesGovernmentFirstThenPrivateOverflow [203 ms]
  Passed AttendanceShiftingManagement.Tests.BeneficiaryVerificationServiceTests.ApproveAsync_UpdatesStatusWithoutCreatingHouseholdLinks_AndWritesAuditLog [190 ms]
  Passed AttendanceShiftingManagement.Tests.CashForWorkServiceTests.SaveScannerAttendance_UsesScannerSource_AndPreventsDuplicateAttendance [249 ms]
  Passed AttendanceShiftingManagement.Tests.AssistanceCaseManagementServiceTests.ChangeStatusAsync_RejectingWithoutResolutionNotes_AllowsTransition [191 ms]
  Passed AttendanceShiftingManagement.Tests.ProjectDistributionServiceTests.RecordClaimAsync_UsesIncludedMembershipIdentity_WhenScannerStagingDiffers [200 ms]
  Passed AttendanceShiftingManagement.Tests.BeneficiaryVerificationServiceTests.RejectAsync_UpdatesStatus_AndWritesAuditLog [196 ms]
  Passed AttendanceShiftingManagement.Tests.CashForWorkServiceTests.AddParticipant_RejectsBeneficiariesThatAreNotApproved [201 ms]
  Passed AttendanceShiftingManagement.Tests.UserAccountSettingsServiceTests.VerifyCurrentPassword_WhenPasswordIsInvalid_ReturnsFailure [389 ms]
  Passed AttendanceShiftingManagement.Tests.AssistanceCaseManagementServiceTests.CreateAsync_CreatesPendingAidRequestForValidatedBeneficiary_AssignsCaseNumber_AndWritesAuditLog [209 ms]
  Passed AttendanceShiftingManagement.Tests.ProjectDistributionServiceTests.RecordClaimAsync_ForNonCashDistribution_StillWritesBeneficiaryHistoryAndMarksReleased [203 ms]
  Passed AttendanceShiftingManagement.Tests.BeneficiaryVerificationServiceTests.SaveCorrectionsAsync_UpdatesStagedFields_AndWritesAuditLog [195 ms]
  Passed AttendanceShiftingManagement.Tests.CashForWorkServiceTests.SaveScannerAttendance_ForSeminar_AutoRegistersAttendeeFromQr [205 ms]
  Passed AttendanceShiftingManagement.Tests.UserAccountSettingsServiceTests.Load_ReturnsCurrentUserAccountSnapshot [207 ms]
  Passed AttendanceShiftingManagement.Tests.AssistanceCaseManagementServiceTests.DeleteAsync_RemovesNonBudgetAidRequest [197 ms]
  Passed AttendanceShiftingManagement.Tests.BeneficiaryVerificationServiceTests.ApproveAsync_WithLegacyHouseholdArguments_DoesNotCarryHouseholdLinksForward [201 ms]
  Passed AttendanceShiftingManagement.Tests.CashForWorkServiceTests.DeleteEvent_RemovesEventParticipantsAttendanceAndScannerSessions [256 ms]
  Passed AttendanceShiftingManagement.Tests.BeneficiaryVerificationServiceTests.ReturnToPendingAsync_RevertsApprovedBeneficiary_AndRevokesDigitalId [214 ms]
  Passed AttendanceShiftingManagement.Tests.UserAccountSettingsServiceTests.SaveAccount_WhenUsernameAlreadyExists_ReturnsFailure [394 ms]
  Passed AttendanceShiftingManagement.Tests.CashForWorkServiceTests.SaveScannerAttendance_RejectsReleasedEvents [200 ms]
[xUnit.net 00:00:05.61]   Finished:    AttendanceShiftingManagement.Tests
  Passed AttendanceShiftingManagement.Tests.BeneficiaryVerificationServiceTests.ApproveAsync_AutoIssuesDigitalIdForApprovedBeneficiary [186 ms]
  Passed AttendanceShiftingManagement.Tests.CashForWorkServiceTests.SaveManualAttendance_ForSeminar_RejectsManualRecording [192 ms]
  Passed AttendanceShiftingManagement.Tests.CashForWorkServiceTests.ReleaseEventAsync_ForSeminar_ReturnsFailure [192 ms]
  Passed AttendanceShiftingManagement.Tests.CashForWorkServiceTests.UpdateEvent_UpdatesSelectedEvent_AndWritesAuditLog [213 ms]
  Passed AttendanceShiftingManagement.Tests.CashForWorkServiceTests.GetReleaseReadySummary_ReturnsAttendanceTotalsForSelectedEvent [191 ms]
  Passed AttendanceShiftingManagement.Tests.UserAccountSettingsServiceTests.ChangePassword_WhenValid_HashesNewPasswordAndWritesAudit [924 ms]
  Passed AttendanceShiftingManagement.Tests.CashForWorkServiceTests.UpdateAttendance_UpdatesSelectedAttendance_AndWritesAuditLog [192 ms]
  Passed AttendanceShiftingManagement.Tests.CashForWorkServiceTests.SaveManualAttendance_RejectsReleasedEvents [175 ms]

Total tests: 189
     Passed: 174
     Failed: 14
    Skipped: 1
 Total time: 6.2283 Seconds
